
Memory Configuration

Name             Origin             Length             Attributes
flash            0x10000000         0x000000fc
*default*        0x00000000         0xffffffff

Linker script and memory map


.text           0x10000000       0x94
 *(.text*)
 .text          0x10000000       0x1c /home/kali/pico/projects/MyProject/Baremetal-Pico/04_Build/temp/start.o
                0x1000000a                PUT32
                0x1000000e                GET32
                0x10000012                DELAY
 .text          0x1000001c       0x78 /home/kali/pico/projects/MyProject/Baremetal-Pico/04_Build/temp/notmain.o
                0x1000001c                notmain
LOAD /home/kali/pico/projects/MyProject/Baremetal-Pico/04_Build/temp/start.o
LOAD /home/kali/pico/projects/MyProject/Baremetal-Pico/04_Build/temp/notmain.o
OUTPUT(/home/kali/pico/projects/MyProject/Baremetal-Pico/04_Build/Output/Blinker/notmain.elf elf32-littlearm)
LOAD linker stubs

.data           0x10000094        0x0
 .data          0x10000094        0x0 /home/kali/pico/projects/MyProject/Baremetal-Pico/04_Build/temp/start.o
 .data          0x10000094        0x0 /home/kali/pico/projects/MyProject/Baremetal-Pico/04_Build/temp/notmain.o

.igot.plt       0x10000094        0x0
 .igot.plt      0x10000094        0x0 /home/kali/pico/projects/MyProject/Baremetal-Pico/04_Build/temp/start.o

.glue_7         0x10000094        0x0
 .glue_7        0x10000094        0x0 linker stubs

.glue_7t        0x10000094        0x0
 .glue_7t       0x10000094        0x0 linker stubs

.vfp11_veneer   0x10000094        0x0
 .vfp11_veneer  0x10000094        0x0 linker stubs

.v4_bx          0x10000094        0x0
 .v4_bx         0x10000094        0x0 linker stubs

.iplt           0x10000094        0x0
 .iplt          0x10000094        0x0 /home/kali/pico/projects/MyProject/Baremetal-Pico/04_Build/temp/start.o

.rel.dyn        0x10000094        0x0
 .rel.iplt      0x10000094        0x0 /home/kali/pico/projects/MyProject/Baremetal-Pico/04_Build/temp/start.o

.bss            0x10000094        0x0
 .bss           0x10000094        0x0 /home/kali/pico/projects/MyProject/Baremetal-Pico/04_Build/temp/start.o
 .bss           0x10000094        0x0 /home/kali/pico/projects/MyProject/Baremetal-Pico/04_Build/temp/notmain.o

.ARM.attributes
                0x00000000       0x2d
 .ARM.attributes
                0x00000000       0x21 /home/kali/pico/projects/MyProject/Baremetal-Pico/04_Build/temp/start.o
 .ARM.attributes
                0x00000021       0x2c /home/kali/pico/projects/MyProject/Baremetal-Pico/04_Build/temp/notmain.o

.comment        0x00000000       0x26
 .comment       0x00000000       0x26 /home/kali/pico/projects/MyProject/Baremetal-Pico/04_Build/temp/notmain.o
                                 0x27 (size before relaxing)
